[    0.000000] Linux version 4.15.0-106-generic (buildd@lcy01-amd64-016) (gcc version 7.5.0 (Ubuntu 7.5.0-3ubuntu1~18.04)) #107-Ubuntu SMP Thu Jun 4 11:27:52 UTC 2020 (Ubuntu 4.15.0-106.107-generic 4.15.18)
[    0.000000] Command line: BOOT_IMAGE=/boot/vmlinuz-4.15.0-106-generic root=LABEL=cloudimg-rootfs ro console=tty1 console=ttyS0
[    0.000000] KERNEL supported cpus:
[    0.000000]   Intel GenuineIntel
[    0.000000]   AMD AuthenticAMD
[    0.000000]   Centaur CentaurHauls
[    0.000000] x86/fpu: Supporting XSAVE feature 0x001: 'x87 floating point registers'
[    0.000000] x86/fpu: Supporting XSAVE feature 0x002: 'SSE registers'
[    0.000000] x86/fpu: Supporting XSAVE feature 0x004: 'AVX registers'
[    0.000000] x86/fpu: xstate_offset[2]:  576, xstate_sizes[2]:  256
[    0.000000] x86/fpu: Enabled xstate features 0x7, context size is 832 bytes, using 'standard' format.
[    0.000000] e820: BIOS-provided physical RAM map:
[    0.000000] BIOS-e820: [mem 0x0000000000000000-0x000000000009fbff] usable
[    0.000000] BIOS-e820: [mem 0x000000000009fc00-0x000000000009ffff] reserved
[    0.000000] BIOS-e820: [mem 0x00000000000f0000-0x00000000000fffff] reserved
[    0.000000] BIOS-e820: [mem 0x0000000000100000-0x000000003ffeffff] usable
[    0.000000] BIOS-e820: [mem 0x000000003fff0000-0x000000003fffffff] ACPI data
[    0.000000] BIOS-e820: [mem 0x00000000fec00000-0x00000000fec00fff] reserved
[    0.000000] BIOS-e820: [mem 0x00000000fee00000-0x00000000fee00fff] reserved
[    0.000000] BIOS-e820: [mem 0x00000000fffc0000-0x00000000ffffffff] reserved
[    0.000000] NX (Execute Disable) protection: active
[    0.000000] SMBIOS 2.5 present.
[    0.000000] DMI: innotek GmbH VirtualBox/VirtualBox, BIOS VirtualBox 12/01/2006
[    0.000000] Hypervisor detected: KVM
[    0.000000] e820: last_pfn = 0x3fff0 max_arch_pfn = 0x400000000
[    0.000000] MTRR: Disabled
[    0.000000] x86/PAT: MTRRs disabled, skipping PAT initialization too.
[    0.000000] CPU MTRRs all blank - virtualized system.
[    0.000000] x86/PAT: Configuration [0-7]: WB  WT  UC- UC  WB  WT  UC- UC  
[    0.000000] found SMP MP-table at [mem 0x0009fff0-0x0009ffff]
[    0.000000] Scanning 1 areas for low memory corruption
[    0.000000] RAMDISK: [mem 0x35a6b000-0x36d2cfff]
[    0.000000] ACPI: Early table checksum verification disabled
[    0.000000] ACPI: RSDP 0x00000000000E0000 000024 (v02 VBOX  )
[    0.000000] ACPI: XSDT 0x000000003FFF0030 00003C (v01 VBOX   VBOXXSDT 00000001 ASL  00000061)
[    0.000000] ACPI: FACP 0x000000003FFF00F0 0000F4 (v04 VBOX   VBOXFACP 00000001 ASL  00000061)
[    0.000000] ACPI: DSDT 0x000000003FFF0470 0022EA (v02 VBOX   VBOXBIOS 00000002 INTL 20100528)
[    0.000000] ACPI: FACS 0x000000003FFF0200 000040
[    0.000000] ACPI: FACS 0x000000003FFF0200 000040
[    0.000000] ACPI: APIC 0x000000003FFF0240 00005C (v02 VBOX   VBOXAPIC 00000001 ASL  00000061)
[    0.000000] ACPI: SSDT 0x000000003FFF02A0 0001CC (v01 VBOX   VBOXCPUT 00000002 INTL 20100528)
[    0.000000] No NUMA configuration found
[    0.000000] Faking a node at [mem 0x0000000000000000-0x000000003ffeffff]
[    0.000000] NODE_DATA(0) allocated [mem 0x3ffc5000-0x3ffeffff]
[    0.000000] kvm-clock: cpu 0, msr 0:3ff44001, primary cpu clock
[    0.000000] kvm-clock: Using msrs 4b564d01 and 4b564d00
[    0.000000] kvm-clock: using sched offset of 6229495366 cycles
[    0.000000] clocksource: kvm-clock: mask: 0xffffffffffffffff max_cycles: 0x1cd42e4dffb, max_idle_ns: 881590591483 ns
[    0.000000] Zone ranges:
[    0.000000]   DMA      [mem 0x0000000000001000-0x0000000000ffffff]
[    0.000000]   DMA32    [mem 0x0000000001000000-0x000000003ffeffff]
[    0.000000]   Normal   empty
[    0.000000]   Device   empty
[    0.000000] Movable zone start for each node
[    0.000000] Early memory node ranges
[    0.000000]   node   0: [mem 0x0000000000001000-0x000000000009efff]
[    0.000000]   node   0: [mem 0x0000000000100000-0x000000003ffeffff]
[    0.000000] Reserved but unavailable: 98 pages
[    0.000000] Initmem setup node 0 [mem 0x0000000000001000-0x000000003ffeffff]
[    0.000000] ACPI: PM-Timer IO Port: 0x4008
[    0.000000] IOAPIC[0]: apic_id 2, version 32, address 0xfec00000, GSI 0-23
[    0.000000] ACPI: INT_SRC_OVR (bus 0 bus_irq 0 global_irq 2 dfl dfl)
[    0.000000] ACPI: INT_SRC_OVR (bus 0 bus_irq 9 global_irq 9 low level)
[    0.000000] Using ACPI (MADT) for SMP configuration information
[    0.000000] smpboot: Allowing 2 CPUs, 0 hotplug CPUs
[    0.000000] PM: Registered nosave memory: [mem 0x00000000-0x00000fff]
[    0.000000] PM: Registered nosave memory: [mem 0x0009f000-0x0009ffff]
[    0.000000] PM: Registered nosave memory: [mem 0x000a0000-0x000effff]
[    0.000000] PM: Registered nosave memory: [mem 0x000f0000-0x000fffff]
[    0.000000] e820: [mem 0x40000000-0xfebfffff] available for PCI devices
[    0.000000] Booting paravirtualized kernel on KVM
[    0.000000] clocksource: refined-jiffies: mask: 0xffffffff max_cycles: 0xffffffff, max_idle_ns: 7645519600211568 ns
[    0.000000] random: get_random_bytes called from start_kernel+0x99/0x4fd with crng_init=0
[    0.000000] setup_percpu: NR_CPUS:8192 nr_cpumask_bits:2 nr_cpu_ids:2 nr_node_ids:1
[    0.000000] percpu: Embedded 45 pages/cpu s147456 r8192 d28672 u1048576
[    0.000000] PV qspinlock hash table entries: 256 (order: 0, 4096 bytes)
[    0.000000] Built 1 zonelists, mobility grouping on.  Total pages: 257913
[    0.000000] Policy zone: DMA32
[    0.000000] Kernel command line: BOOT_IMAGE=/boot/vmlinuz-4.15.0-106-generic root=LABEL=cloudimg-rootfs ro console=tty1 console=ttyS0
[    0.000000] Memory: 983044K/1048120K available (12300K kernel code, 2481K rwdata, 4272K rodata, 2436K init, 2720K bss, 65076K reserved, 0K cma-reserved)
[    0.000000] SLUB: HWalign=64, Order=0-3, MinObjects=0, CPUs=2, Nodes=1
[    0.000000] Kernel/User page tables isolation: enabled
[    0.000000] ftrace: allocating 39378 entries in 154 pages
[    0.004000] Hierarchical RCU implementation.
[    0.004000] 	RCU restricting CPUs from NR_CPUS=8192 to nr_cpu_ids=2.
[    0.004000] 	Tasks RCU enabled.
[    0.004000] RCU: Adjusting geometry for rcu_fanout_leaf=16, nr_cpu_ids=2
[    0.004000] NR_IRQS: 524544, nr_irqs: 440, preallocated irqs: 16
[    0.004000] Console: colour VGA+ 80x25
[    0.004000] console [tty1] enabled
[    0.004000] console [ttyS0] enabled
[    0.004000] ACPI: Core revision 20170831
[    0.004000] ACPI: 2 ACPI AML tables successfully acquired and loaded
[    0.004000] APIC: Switch to symmetric I/O mode setup
[    0.004000] x2apic enabled
[    0.004000] Switched APIC routing to physical x2apic.
[    0.004000] ..TIMER: vector=0x30 apic1=0 pin1=2 apic2=-1 pin2=-1
[    0.004004] tsc: Detected 3691.448 MHz processor
[    0.005185] Calibrating delay loop (skipped) preset value.. 7382.89 BogoMIPS (lpj=14765792)
[    0.008002] pid_max: default: 32768 minimum: 301
[    0.009223] Security Framework initialized
[    0.010292] Yama: becoming mindful.
[    0.011384] AppArmor: AppArmor initialized
[    0.020069] Dentry cache hash table entries: 131072 (order: 8, 1048576 bytes)
[    0.024094] Inode-cache hash table entries: 65536 (order: 7, 524288 bytes)
[    0.025757] Mount-cache hash table entries: 2048 (order: 2, 16384 bytes)
[    0.027374] Mountpoint-cache hash table entries: 2048 (order: 2, 16384 bytes)
[    0.028467] Last level iTLB entries: 4KB 1024, 2MB 1024, 4MB 1024
[    0.029948] Last level dTLB entries: 4KB 1024, 2MB 1024, 4MB 1024, 1GB 4
[    0.032003] Spectre V1 : Mitigation: usercopy/swapgs barriers and __user pointer sanitization
[    0.034133] Spectre V2 : Mitigation: Full generic retpoline
[    0.036002] Spectre V2 : Spectre v2 / SpectreRSB mitigation: Filling RSB on context switch
[    0.038075] Speculative Store Bypass: Vulnerable
[    0.039303] SRBDS: Unknown: Dependent on hypervisor status
[    0.040002] MDS: Vulnerable: Clear CPU buffers attempted, no microcode
[    0.041891] Freeing SMP alternatives memory: 36K
[    0.154983] smpboot: CPU0: Intel(R) Core(TM) i3-4170 CPU @ 3.70GHz (family: 0x6, model: 0x3c, stepping: 0x3)
[    0.156000] Performance Events: unsupported p6 CPU model 60 no PMU driver, software events only.
[    0.156040] Hierarchical SRCU implementation.
[    0.157945] NMI watchdog: Perf event create on CPU 0 failed with -2
[    0.160005] NMI watchdog: Perf NMI watchdog permanently disabled
[    0.161666] smp: Bringing up secondary CPUs ...
[    0.163030] x86: Booting SMP configuration:
[    0.164002] .... node  #0, CPUs:      #1
[    0.004000] kvm-clock: cpu 1, msr 0:3ff44041, secondary cpu clock
[    0.168021] smp: Brought up 1 node, 2 CPUs
[    0.169162] smpboot: Max logical packages: 1
[    0.170302] smpboot: Total of 2 processors activated (14765.79 BogoMIPS)
[    0.172153] devtmpfs: initialized
[    0.173093] x86/mm: Memory block size: 128MB
[    0.176390] evm: security.selinux
[    0.177378] evm: security.SMACK64
[    0.178318] evm: security.SMACK64EXEC
[    0.179485] evm: security.SMACK64TRANSMUTE
[    0.180004] evm: security.SMACK64MMAP
[    0.181070] evm: security.apparmor
[    0.182074] evm: security.ima
[    0.184002] evm: security.capability
[    0.185095] clocksource: jiffies: mask: 0xffffffff max_cycles: 0xffffffff, max_idle_ns: 7645041785100000 ns
[    0.186594] futex hash table entries: 512 (order: 3, 32768 bytes)
[    0.196015] pinctrl core: initialized pinctrl subsystem
[    0.200227] RTC time:  4:30:04, date: 06/12/20
[    0.202019] NET: Registered protocol family 16
[    0.204258] audit: initializing netlink subsys (disabled)
[    0.206319] audit: type=2000 audit(1591936212.476:1): state=initialized audit_enabled=0 res=1
[    0.208023] cpuidle: using governor ladder
[    0.212023] cpuidle: using governor menu
[    0.214318] ACPI: bus type PCI registered
[    0.215757] acpiphp: ACPI Hot Plug PCI Controller Driver version: 0.5
[    0.216215] PCI: Using configuration type 1 for base access
[    0.222560] HugeTLB registered 2.00 MiB page size, pre-allocated 0 pages
[    0.224184] ACPI: Added _OSI(Module Device)
[    0.225667] ACPI: Added _OSI(Processor Device)
[    0.228007] ACPI: Added _OSI(3.0 _SCP Extensions)
[    0.229581] ACPI: Added _OSI(Processor Aggregator Device)
[    0.232008] ACPI: Added _OSI(Linux-Dell-Video)
[    0.233493] ACPI: Added _OSI(Linux-Lenovo-NV-HDMI-Audio)
[    0.235206] ACPI: Added _OSI(Linux-HPI-Hybrid-Graphics)
[    0.236564] ACPI: Executed 1 blocks of module-level executable AML code
[    0.252954] ACPI: Interpreter enabled
[    0.254372] ACPI: (supports S0 S5)
[    0.255632] ACPI: Using IOAPIC for interrupt routing
[    0.256955] PCI: Using host bridge windows from ACPI; if necessary, use "pci=nocrs" and report a bug
[    0.260500] ACPI: Enabled 2 GPEs in block 00 to 07
[    0.280985] ACPI: PCI Root Bridge [PCI0] (domain 0000 [bus 00-ff])
[    0.283019] acpi PNP0A03:00: _OSC: OS supports [ASPM ClockPM Segments MSI]
[    0.285566] acpi PNP0A03:00: _OSC: not requesting OS control; OS requires [ExtendedConfig ASPM ClockPM MSI]
[    0.288032] acpi PNP0A03:00: fail to add MMCONFIG information, can't access extended PCI configuration space under this bridge.
[    0.292673] PCI host bridge to bus 0000:00
[    0.296005] pci_bus 0000:00: root bus resource [io  0x0000-0x0cf7 window]
[    0.298231] pci_bus 0000:00: root bus resource [io  0x0d00-0xffff window]
[    0.300005] pci_bus 0000:00: root bus resource [mem 0x000a0000-0x000bffff window]
[    0.302290] pci_bus 0000:00: root bus resource [mem 0x40000000-0xfdffffff window]
[    0.304008] pci_bus 0000:00: root bus resource [bus 00-ff]
[    0.309929] pci 0000:00:01.1: legacy IDE quirk: reg 0x10: [io  0x01f0-0x01f7]
[    0.312000] pci 0000:00:01.1: legacy IDE quirk: reg 0x14: [io  0x03f6]
[    0.312008] pci 0000:00:01.1: legacy IDE quirk: reg 0x18: [io  0x0170-0x0177]
[    0.316008] pci 0000:00:01.1: legacy IDE quirk: reg 0x1c: [io  0x0376]
[    0.338832] pci 0000:00:07.0: quirk: [io  0x4000-0x403f] claimed by PIIX4 ACPI
[    0.340030] pci 0000:00:07.0: quirk: [io  0x4100-0x410f] claimed by PIIX4 SMB
[    0.351239] ACPI: PCI Interrupt Link [LNKA] (IRQs 5 9 10 *11)
[    0.352702] ACPI: PCI Interrupt Link [LNKB] (IRQs 5 9 *10 11)
[    0.354439] ACPI: PCI Interrupt Link [LNKC] (IRQs 5 *9 10 11)
[    0.356341] ACPI: PCI Interrupt Link [LNKD] (IRQs 5 9 10 *11)
[    0.360406] SCSI subsystem initialized
[    0.361766] pci 0000:00:02.0: vgaarb: setting as boot VGA device
[    0.361814] pci 0000:00:02.0: vgaarb: VGA device added: decodes=io+mem,owns=io+mem,locks=none
[    0.364007] pci 0000:00:02.0: vgaarb: bridge control possible
[    0.365425] vgaarb: loaded
[    0.366254] ACPI: bus type USB registered
[    0.368029] usbcore: registered new interface driver usbfs
[    0.369459] usbcore: registered new interface driver hub
[    0.370849] usbcore: registered new device driver usb
[    0.372072] EDAC MC: Ver: 3.0.0
[    0.373206] PCI: Using ACPI for IRQ routing
[    0.373476] NetLabel: Initializing
[    0.376003] NetLabel:  domain hash size = 128
[    0.377132] NetLabel:  protocols = UNLABELED CIPSOv4 CALIPSO
[    0.378576] NetLabel:  unlabeled traffic allowed by default
[    0.380220] clocksource: Switched to clocksource kvm-clock
[    0.506036] VFS: Disk quotas dquot_6.6.0
[    0.507206] VFS: Dquot-cache hash table entries: 512 (order 0, 4096 bytes)
[    0.509219] AppArmor: AppArmor Filesystem Enabled
[    0.510449] pnp: PnP ACPI init
[    0.513448] pnp: PnP ACPI: found 3 devices
[    0.523402] clocksource: acpi_pm: mask: 0xffffff max_cycles: 0xffffff, max_idle_ns: 2085701024 ns
[    0.525971] NET: Registered protocol family 2
[    0.527549] TCP established hash table entries: 8192 (order: 4, 65536 bytes)
[    0.529468] TCP bind hash table entries: 8192 (order: 5, 131072 bytes)
[    0.572821] TCP: Hash tables configured (established 8192 bind 8192)
[    0.574540] UDP hash table entries: 512 (order: 2, 16384 bytes)
[    0.576097] UDP-Lite hash table entries: 512 (order: 2, 16384 bytes)
[    0.577791] NET: Registered protocol family 1
[    0.579037] pci 0000:00:00.0: Limiting direct PCI/PCI transfers
[    0.580654] pci 0000:00:01.0: Activating ISA DMA hang workarounds
[    0.582361] pci 0000:00:02.0: Video device with shadowed ROM at [mem 0x000c0000-0x000dffff]
[    0.584614] Unpacking initramfs...
[    2.308774] Freeing initrd memory: 19208K
[    2.310079] clocksource: tsc: mask: 0xffffffffffffffff max_cycles: 0x6a6b8ec2123, max_idle_ns: 881591063988 ns
[    2.312773] platform rtc_cmos: registered platform RTC device (no PNP device found)
[    2.315039] Scanning for low memory corruption every 60 seconds
[    2.317474] Initialise system trusted keyrings
[    2.318696] Key type blacklist registered
[    2.319881] workingset: timestamp_bits=36 max_order=18 bucket_order=0
[    2.323890] zbud: loaded
[    2.325534] squashfs: version 4.0 (2009/01/31) Phillip Lougher
[    2.327389] fuse init (API version 7.26)
[    2.330548] Key type asymmetric registered
[    2.332011] Asymmetric key parser 'x509' registered
[    2.333663] Block layer SCSI generic (bsg) driver version 0.4 loaded (major 246)
[    2.335889] io scheduler noop registered
[    2.336967] io scheduler deadline registered
[    2.338115] io scheduler cfq registered (default)
[    2.339718] ACPI: AC Adapter [AC] (on-line)
[    2.340930] input: Power Button as /devices/LNXSYSTM:00/LNXPWRBN:00/input/input0
[    2.342886] ACPI: Power Button [PWRF]
[    2.343955] input: Sleep Button as /devices/LNXSYSTM:00/LNXSLPBN:00/input/input1
[    2.345920] ACPI: Sleep Button [SLPF]
[    2.347379] Serial: 8250/16550 driver, 32 ports, IRQ sharing enabled
 	
 !"#$%&'()*+,-./0123456789:;<=>?@ABCDEFGHIJKLMNOPQRSTUVWXYZ[\]^_`abcdefghijklmnopqrstuvwxyz{|}~€‚ƒ„…†‡ˆ‰Š‹ŒŽ‘’“”•–—˜™š›œžŸ ¡¢£¤¥¦§¨©ª«¬­®¯°±²³´µ¶·¸¹º»¼½¾¿ÀÁÂÃÄÅÆÇÈÉÊËÌÍÎÏÐÑÒÓÔÕÖ×ØÙÚÛÜÝÞßàáâãäåæçèéêëìíîïðñòóôõö÷øùúûüýþÿ[    2.371767] 00:02: ttyS0 at I/O 0x3f8 (irq = 4, base_baud = 115200) is a 16550A
[    2.377900] Linux agpgart interface v0.103
[    2.381185] loop: module loaded
[    2.382945] scsi host0: ata_piix
[    2.384008] scsi host1: ata_piix
[    2.385019] ata1: PATA max UDMA/33 cmd 0x1f0 ctl 0x3f6 bmdma 0xd000 irq 14
[    2.386748] ata2: PATA max UDMA/33 cmd 0x170 ctl 0x376 bmdma 0xd008 irq 15
[    2.388964] libphy: Fixed MDIO Bus: probed
[    2.390111] tun: Universal TUN/TAP device driver, 1.6
[    2.391510] PPP generic driver version 2.4.2
[    2.392808] ehci_hcd: USB 2.0 'Enhanced' Host Controller (EHCI) Driver
[    2.394393] ehci-pci: EHCI PCI platform driver
[    2.395546] ehci-platform: EHCI generic platform driver
[    2.396895] ohci_hcd: USB 1.1 'Open' Host Controller (OHCI) Driver
[    2.398403] ohci-pci: OHCI PCI platform driver
[    2.399562] ohci-platform: OHCI generic platform driver
[    2.400914] uhci_hcd: USB Universal Host Controller Interface driver
[    2.402515] i8042: PNP: PS/2 Controller [PNP0303:PS2K,PNP0f03:PS2M] at 0x60,0x64 irq 1,12
[    2.405347] serio: i8042 KBD port at 0x60,0x64 irq 1
[    2.406625] serio: i8042 AUX port at 0x60,0x64 irq 12
[    2.408183] mousedev: PS/2 mouse device common for all mice
[    2.410467] input: AT Translated Set 2 keyboard as /devices/platform/i8042/serio0/input/input2
[    2.413118] rtc_cmos rtc_cmos: rtc core: registered rtc_cmos as rtc0
[    2.414881] rtc_cmos rtc_cmos: alarms up to one day, 114 bytes nvram
[    2.416544] i2c /dev entries driver
[    2.417682] device-mapper: uevent: version 1.0.3
[    2.419053] device-mapper: ioctl: 4.37.0-ioctl (2017-09-20) initialised: dm-devel@redhat.com
[    2.421393] ledtrig-cpu: registered to indicate activity on CPUs
[    2.423532] NET: Registered protocol family 10
[    2.429198] Segment Routing with IPv6
[    2.430568] NET: Registered protocol family 17
[    2.432303] Key type dns_resolver registered
[    2.433785] mce: Using 0 MCE banks
[    2.434902] RAS: Correctable Errors collector initialized.
[    2.436851] sched_clock: Marking stable (2436825918, 0)->(2843621994, -406796076)
[    2.440071] registered taskstats version 1
[    2.441501] Loading compiled-in X.509 certificates
[    2.445893] Loaded X.509 cert 'Build time autogenerated kernel key: b1772ce3e036cbf6bf2b7e9ed9be0f8806d61091'
[    2.449223] zswap: loaded using pool lzo/zbud
[    2.455989] Key type big_key registered
[    2.457394] Key type trusted registered
[    2.461451] Key type encrypted registered
[    2.462981] AppArmor: AppArmor sha1 policy hashing enabled
[    2.464734] ima: No TPM chip found, activating TPM-bypass! (rc=-19)
[    2.466732] ima: Allocated hash algorithm: sha1
[    2.468367] evm: HMAC attrs: 0x1
[    2.469808]   Magic number: 8:799:514
[    2.471262] rtc_cmos rtc_cmos: setting system clock to 2020-06-12 04:30:07 UTC (1591936207)
[    2.474264] BIOS EDD facility v0.16 2004-Jun-25, 0 devices found
[    2.476474] EDD information not available.
[    2.557292] Freeing unused kernel image memory: 2436K
[    2.564494] Write protecting the kernel read-only data: 20480k
[    2.567002] Freeing unused kernel image memory: 2008K
[    2.568846] Freeing unused kernel image memory: 1872K
[    2.598846] x86/mm: Checked W+X mappings: passed, no W+X pages found.
[    2.600459] x86/mm: Checking user space page tables
[    2.630063] x86/mm: Checked W+X mappings: passed, no W+X pages found.
Loading, please wait...
starting version 237
[    2.759826] Fusion MPT base driver 3.04.20
[    2.761484] Copyright (c) 1999-2008 LSI Corporation
[    2.795622] Fusion MPT SPI Host driver 3.04.20
[    2.797380] e1000: Intel(R) PRO/1000 Network Driver - version 7.3.21-k8-NAPI
[    2.799616] AVX2 version of gcm_enc/dec engaged.
[    2.799782] e1000: Copyright (c) 1999-2006 Intel Corporation.
[    2.801486] AES CTR mode by8 optimization enabled
[    2.805163] mptbase: ioc0: Initiating bringup
[    2.909453] ioc0: LSI53C1030 A0: Capabilities={Initiator}
[    2.986324] input: ImExPS/2 Generic Explorer Mouse as /devices/platform/i8042/serio1/input/input4
[    3.162688] scsi host2: ioc0: LSI53C1030 A0, FwRev=00000000h, Ports=1, MaxQ=256, IRQ=20
[    3.348007] scsi 2:0:0:0: Direct-Access     VBOX     HARDDISK         1.0  PQ: 0 ANSI: 5
[    3.400287] scsi target2:0:0: Beginning Domain Validation
[    3.414846] scsi target2:0:0: Domain Validation skipping write tests
[    3.419620] scsi target2:0:0: Ending Domain Validation
[    3.423935] scsi target2:0:0: asynchronous
[    3.429259] scsi 2:0:1:0: Direct-Access     VBOX     HARDDISK         1.0  PQ: 0 ANSI: 5
[    3.768202] scsi target2:0:1: Beginning Domain Validation
[    3.770569] random: fast init done
[    3.771976] scsi target2:0:1: Domain Validation skipping write tests
[    3.773598] scsi target2:0:1: Ending Domain Validation
[    3.775001] scsi target2:0:1: asynchronous
[    3.780816] random: systemd-udevd: uninitialized urandom read (16 bytes read)
[    3.781013] sd 2:0:0:0: Attached scsi generic sg0 type 0
[    3.783228] random: systemd-udevd: uninitialized urandom read (16 bytes read)
[    3.785321] sd 2:0:1:0: Attached scsi generic sg1 type 0
[    3.787402] random: systemd-udevd: uninitialized urandom read (16 bytes read)
[    3.791209] sd 2:0:0:0: [sda] 20971520 512-byte logical blocks: (10.7 GB/10.0 GiB)
[    3.801818] sd 2:0:1:0: [sdb] 20480 512-byte logical blocks: (10.5 MB/10.0 MiB)
[    3.814165] sd 2:0:1:0: [sdb] Write Protect is off
[    3.816033] sd 2:0:0:0: [sda] Write Protect is off
[    3.817849] sd 2:0:1:0: [sdb] Incomplete mode parameter data
[    3.819776] sd 2:0:1:0: [sdb] Assuming drive cache: write through
[    3.821982] sd 2:0:0:0: [sda] Incomplete mode parameter data
[    3.823910] sd 2:0:0:0: [sda] Assuming drive cache: write through
[    3.825174] e1000 0000:00:03.0 eth0: (PCI:33MHz:32-bit) 02:08:97:ad:f6:aa
[    3.827650] e1000 0000:00:03.0 eth0: Intel(R) PRO/1000 Network Connection
[    3.831551] e1000 0000:00:03.0 enp0s3: renamed from eth0
[    3.867005]  sda: sda1
[    3.877392] sd 2:0:1:0: [sdb] Attached SCSI disk
[    3.882107] sd 2:0:0:0: [sda] Attached SCSI disk
Begin: Loading essential drivers ... [    6.028258] raid6: sse2x1   gen()  3231 MB/s
[    6.076086] raid6: sse2x1   xor()  1983 MB/s
[    6.124441] raid6: sse2x2   gen()  7218 MB/s
[    6.172285] raid6: sse2x2   xor()  3306 MB/s
[    6.220099] raid6: sse2x4   gen()  7799 MB/s
[    6.268438] raid6: sse2x4   xor()  4676 MB/s
[    6.316057] raid6: avx2x1   gen()  6302 MB/s
[    6.364131] raid6: avx2x1   xor()  3474 MB/s
[    6.412471] raid6: avx2x2   gen() 11863 MB/s
[    6.460297] raid6: avx2x2   xor()  6330 MB/s
[    6.508139] raid6: avx2x4   gen() 16145 MB/s
[    6.556449] raid6: avx2x4   xor()  9361 MB/s
[    6.557628] raid6: using algorithm avx2x4 gen() 16145 MB/s
[    6.559004] raid6: .... xor() 9361 MB/s, rmw enabled
[    6.560380] raid6: using avx2x2 recovery algorithm
[    6.563365] xor: automatically using best checksumming function   avx       
[    6.566908] async_tx: api initialized (async)
done.
Begin: Running /scripts/init-premount ... done.
Begin: Mounting root file system ... Begin: Running /scripts/local-top ... done.
Begin: Running /scripts/local-premount ... [    6.647803] Btrfs loaded, crc32c=crc32c-intel
Scanning for Btrfs filesystems
done.
Warning: fsck not present, so skipping root file system
[    6.701157] EXT4-fs (sda1): mounted filesystem with ordered data mode. Opts: (null)
done.
Begin: Running /scripts/local-bottom ... done.
Begin: Running /scripts/init-bottom ... done.
[    7.431091] ip_tables: (C) 2000-2006 Netfilter Core Team
[    7.490912] systemd[1]: systemd 237 running in system mode. (+PAM +AUDIT +SELINUX +IMA +APPARMOR +SMACK +SYSVINIT +UTMP +LIBCRYPTSETUP +GCRYPT +GNUTLS +ACL +XZ +LZ4 +SECCOMP +BLKID +ELFUTILS +KMOD -IDN2 +IDN -PCRE2 default-hierarchy=hybrid)
[    7.507829] systemd[1]: Detected virtualization oracle.
[    7.511802] systemd[1]: Detected architecture x86-64.

Welcome to [1mUbuntu 18.04.4 LTS[0m!

[    7.554082] systemd[1]: Set hostname to <ubuntu>.
[    7.575424] systemd[1]: Initializing machine ID from random generator.
[    7.577723] systemd[1]: Installed transient /etc/machine-id file.
[    8.501914] random: crng init done
[    8.505317] random: 7 urandom warning(s) missed due to ratelimiting
[    8.836943] systemd[1]: Started Forward Password Requests to Wall Directory Watch.
[[0;32m  OK  [0m] Started Forward Password Requests to Wall Directory Watch.
[    8.842029] systemd[1]: Created slice System Slice.
[[0;32m  OK  [0m] Created slice System Slice.
[    8.844235] systemd[1]: Listening on /dev/initctl Compatibility Named Pipe.
[[0;32m  OK  [0m] Listening on /dev/initctl Compatibility Named Pipe.
[    8.847196] systemd[1]: Listening on udev Kernel Socket.
[[0;32m  OK  [0m] Listening on udev Kernel Socket.
[[0;32m  OK  [0m] Listening on LVM2 poll daemon socket.
[[0;32m  OK  [0m] Reached target System Time Synchronized.
[[0;32m  OK  [0m] Created slice system-serial\x2dgetty.slice.
[[0;32m  OK  [0m] Created slice User and Session Slice.
[[0;32m  OK  [0m] Listening on udev Control Socket.
[[0;32m  OK  [0m] Listening on Journal Socket (/dev/log).
[[0;32m  OK  [0m] Listening on Device-mapper event daemon FIFOs.
[[0;32m  OK  [0m] Reached target User and Group Name Lookups.
[[0;32m  OK  [0m] Listening on Journal Audit Socket.
[[0;32m  OK  [0m] Listening on Syslog Socket.
[[0;32m  OK  [0m] Reached target Swap.
[[0;32m  OK  [0m] Listening on LVM2 metadata daemon socket.
[[0;32m  OK  [0m] Listening on Network Service Netlink Socket.
[[0;32m  OK  [0m] Set up automount Arbitrary Executabâ€¦rmats File System Automount Point.
[[0;32m  OK  [0m] Listening on Journal Socket.
         Starting Create list of required stâ€¦ce nodes for the current kernel...
         Mounting POSIX Message Queue File System...
         Mounting Kernel Debug File System...
         Starting Uncomplicated firewall...
         Starting Load Kernel Modules...
         Starting Remount Root and Kernel File Systems...
         Starting udev Coldplug all Devices...
         Starting Journal Service...
         Starting Set the console keyboard layout...
         Starting Monitoring of LVM2 mirrorsâ€¦ng dmeventd or progress polling...
[[0;32m  OK  [0m] Reached target Slices.
         Mounting Huge Pages File System...
[[0;32m  OK  [0m] Started Create list of required staâ€¦vice nodes for the current kernel.
[[0;32m  OK  [0m] Mounted POSIX Message Queue File System.
[[0;32m  OK  [0m] Mounted Kernel Debug File System.
[[0;32m  OK  [0m] Started Uncomplicated firewall.
[[0;32m  OK  [0m] Mounted Huge Pages File System.
         Starting Create Static Device Nodes in /dev...
[    8.983677] Loading iSCSI transport class v2.0-870.
[    9.001005] iscsi: registered transport (tcp)
[    9.036811] iscsi: registered transport (iser)
[[0;32m  OK  [0m] Started Load Kernel Modules.
         Starting Apply Kernel Variables...
         Mounting Kernel Configuration File System...
         Mounting FUSE Control File System...
[[0;32m  OK  [0m] Mounted Kernel Configuration File System.
[[0;32m  OK  [0m] Mounted FUSE Control File System.
[[0;32m  OK  [0m] Started udev Coldplug all Devices.
[[0;32m  OK  [0m] Started Remount Root and Kernel File Systems.
         Starting Load/Save Random Seed...
[[0;32m  OK  [0m] Started Journal Service.
[[0;32m  OK  [0m] Started Create Static Device Nodes in /dev.
[[0;32m  OK  [0m] Started Apply Kernel Variables.
[[0;32m  OK  [0m] Started LVM2 metadata daemon.
         Starting udev Kernel Device Manager...
         Starting Flush Journal to Persistent Storage...
[[0;32m  OK  [0m] Started Load/Save Random Seed.
[[0;32m  OK  [0m] Started Monitoring of LVM2 mirrors,â€¦sing dmeventd or progress polling.
[[0;32m  OK  [0m] Started udev Kernel Device Manager.
[[0;32m  OK  [0m] Started Set the console keyboard layout.
[[0;32m  OK  [0m] Started Dispatch Password Requests to Console Directory Watch.
[[0;32m  OK  [0m] Reached target Local Encrypted Volumes.
[[0;32m  OK  [0m] Reached target Local File Systems (Pre).
[[0;32m  OK  [0m] Reached target Local File Systems.
         Starting AppArmor initialization...
         Starting Set console font and keymap...
         Starting ebtables ruleset management...
         Starting Commit a transient machine-id on disk...
         Starting Tell Plymouth To Write Out Runtime Data...
[[0;32m  OK  [0m] Started Flush Journal to Persistent Storage.
         Starting Create Volatile Files and Directories...
[[0;32m  OK  [0m] Started Set console font and keymap.
[[0;32m  OK  [0m] Started Tell Plymouth To Write Out Runtime Data.
[[0;32m  OK  [0m] Started Commit a transient machine-id on disk.
[[0;32m  OK  [0m] Started Create Volatile Files and Directories.
         Starting Update UTMP about System Boot/Shutdown...
[[0;32m  OK  [0m] Started Update UTMP about System Boot/Shutdown.
[[0;32m  OK  [0m] Started ebtables ruleset management.
[[0;32m  OK  [0m] Found device /dev/ttyS0.
[[0;32m  OK  [0m] Listening on Load/Save RF Kill Switch Status /dev/rfkill Watch.
[[0;32m  OK  [0m] Started AppArmor initialization.
         Starting Initial cloud-init job (pre-networking)...
[   16.299145] cloud-init[545]: Cloud-init v. 19.4-33-gbb4131a2-0ubuntu1~18.04.1 running 'init-local' at Fri, 12 Jun 2020 04:30:20 +0000. Up 15.51 seconds.
[[0;32m  OK  [0m] Started Initial cloud-init job (pre-networking).
[[0;32m  OK  [0m] Reached target Network (Pre).
         Starting Network Service...
[[0;32m  OK  [0m] Started Network Service.
         Starting Network Name Resolution...
         Starting Wait for Network to be Configured...
[[0;32m  OK  [0m] Started Network Name Resolution.
[[0;32m  OK  [0m] Reached target Network.
[[0;32m  OK  [0m] Reached target Host and Network Name Lookups.
[[0;32m  OK  [0m] Started Wait for Network to be Configured.
         Starting Initial cloud-init job (metadata service crawler)...
[   19.131048] cloud-init[674]: Cloud-init v. 19.4-33-gbb4131a2-0ubuntu1~18.04.1 running 'init' at Fri, 12 Jun 2020 04:30:23 +0000. Up 18.79 seconds.
[   19.134359] cloud-init[674]: ci-info: +++++++++++++++++++++++++++++++++++++Net device info++++++++++++++++++++++++++++++++++++++
[   19.136750] cloud-init[674]: ci-info: +--------+------+---------------------------+---------------+--------+-------------------+
[   19.139068] cloud-init[674]: ci-info: | Device |  Up  |          Address          |      Mask     | Scope  |     Hw-Address    |
[   19.141583] cloud-init[674]: ci-info: +--------+------+---------------------------+---------------+--------+-------------------+
[   19.144194] cloud-init[674]: ci-info: | enp0s3 | True |         10.0.2.15         | 255.255.255.0 | global | 02:08:97:ad:f6:aa |
[   19.146618] cloud-init[674]: ci-info: | enp0s3 | True | fe80::8:97ff:fead:f6aa/64 |       .       |  link  | 02:08:97:ad:f6:aa |
[   19.149063] cloud-init[674]: ci-info: |   lo   | True |         127.0.0.1         |   255.0.0.0   |  host  |         .         |
[   19.151381] cloud-init[674]: ci-info: |   lo   | True |          ::1/128          |       .       |  host  |         .         |
[   19.153773] cloud-init[674]: ci-info: +--------+------+---------------------------+---------------+--------+-------------------+
[   19.156048] cloud-init[674]: ci-info: ++++++++++++++++++++++++++++Route IPv4 info+++++++++++++++++++++++++++++
[   19.158240] cloud-init[674]: ci-info: +-------+-------------+----------+-----------------+-----------+-------+
[   19.160443] cloud-init[674]: ci-info: | Route | Destination | Gateway  |     Genmask     | Interface | Flags |
[   19.162723] cloud-init[674]: ci-info: +-------+-------------+----------+-----------------+-----------+-------+
[   19.164914] cloud-init[674]: ci-info: |   0   |   0.0.0.0   | 10.0.2.2 |     0.0.0.0     |   enp0s3  |   UG  |
[   19.166710] cloud-init[674]: ci-info: |   1   |   10.0.2.0  | 0.0.0.0  |  255.255.255.0  |   enp0s3  |   U   |
[   19.168622] cloud-init[674]: ci-info: |   2   |   10.0.2.2  | 0.0.0.0  | 255.255.255.255 |   enp0s3  |   UH  |
[   19.170514] cloud-init[674]: ci-info: +-------+-------------+----------+-----------------+-----------+-------+
[   19.172432] cloud-init[674]: ci-info: +++++++++++++++++++Route IPv6 info+++++++++++++++++++
[   19.174178] cloud-init[674]: ci-info: +-------+-------------+---------+-----------+-------+
[   19.176069] cloud-init[674]: ci-info: | Route | Destination | Gateway | Interface | Flags |
[   19.177690] cloud-init[674]: ci-info: +-------+-------------+---------+-----------+-------+
[   19.179660] cloud-init[674]: ci-info: |   1   |  fe80::/64  |    ::   |   enp0s3  |   U   |
[   19.181448] cloud-init[674]: ci-info: |   3   |    local    |    ::   |   enp0s3  |   U   |
[   19.183266] cloud-init[674]: ci-info: |   4   |   ff00::/8  |    ::   |   enp0s3  |   U   |
[   19.185098] cloud-init[674]: ci-info: +-------+-------------+---------+-----------+-------+
[   21.821800] cloud-init[674]: Generating public/private rsa key pair.
[   21.823233] cloud-init[674]: Your identification has been saved in /etc/ssh/ssh_host_rsa_key.
[   21.824915] cloud-init[674]: Your public key has been saved in /etc/ssh/ssh_host_rsa_key.pub.
[   21.826548] cloud-init[674]: The key fingerprint is:
[   21.827525] cloud-init[674]: SHA256:Gpv42nQZrbwKFWWa5SoGXVDTofX2VpHMQpQmoSUgFEY root@ubuntu-bionic
[   21.829327] cloud-init[674]: The key's randomart image is:
[   21.830544] cloud-init[674]: +---[RSA 2048]----+
[   21.831918] cloud-init[674]: |   oE+=oB.o+o+.. |
[   21.833067] cloud-init[674]: |   o o @.=. + +. |
[   21.834175] cloud-init[674]: |  . . = o oo ..  |
[   21.835234] cloud-init[674]: |   .   o o . .   |
[   21.836260] cloud-init[674]: |    o + S . o    |
[   21.837243] cloud-init[674]: |   . + * + .     |
[   21.839326] cloud-init[674]: |    o = =        |
[   21.840322] cloud-init[674]: |     = . .       |
[   21.841312] cloud-init[674]: |    ..+..        |
[   21.842289] cloud-init[674]: +----[SHA256]-----+
[   21.843273] cloud-init[674]: Generating public/private dsa key pair.
[   21.844624] cloud-init[674]: Your identification has been saved in /etc/ssh/ssh_host_dsa_key.
[   21.846564] cloud-init[674]: Your public key has been saved in /etc/ssh/ssh_host_dsa_key.pub.
[   21.848550] cloud-init[674]: The key fingerprint is:
[   21.849698] cloud-init[674]: SHA256:A+XYVaPkq77arYd1DYyMyMezlFYdC0c3rVk1ss9zucQ root@ubuntu-bionic
[   21.851224] cloud-init[674]: The key's randomart image is:
[   21.852626] cloud-init[674]: +---[DSA 1024]----+
[   21.853780] cloud-init[674]: |        . ++*oooo|
[   21.854802] cloud-init[674]: |       = +.+.+o.+|
[   21.855816] cloud-init[674]: |     .ooo=oo.. + |
[   21.856926] cloud-init[674]: |      o.O o.o * .|
[   21.857987] cloud-init[674]: |       +So.  o E.|
[   21.859019] cloud-init[674]: |        .o. . o +|
[   21.860106] cloud-init[674]: |        .o .   . |
[   21.861208] cloud-init[674]: |       o...      |
[   21.862299] cloud-init[674]: |      ..=+.      |
[   21.863369] cloud-init[674]: +----[SHA256]-----+
[   21.864519] cloud-init[674]: Generating public/private ecdsa key pair.
[   21.866270] cloud-init[674]: Your identification has been saved in /etc/ssh/ssh_host_ecdsa_key.
[   21.868050] cloud-init[674]: Your public key has been saved in /etc/ssh/ssh_host_ecdsa_key.pub.
[   21.869987] cloud-init[674]: The key fingerprint is:
[   21.871000] cloud-init[674]: SHA256:EzSWAzY7+Brc1NZLLA0hhBAK87SSvaNXL3ny0y/bLwQ root@ubuntu-bionic
[   21.872941] cloud-init[674]: The key's randomart image is:
[   21.874148] cloud-init[674]: +---[ECDSA 256]---+
[   21.875247] cloud-init[674]: |o +o o*.*o       |
[   21.876330] cloud-init[674]: |.B ..o Bo*       |
[   21.877461] cloud-init[674]: |+ + . + =.=      |
[   21.878506] cloud-init[674]: | . o + oE+ .     |
[   21.879633] cloud-init[674]: |  o + o S..      |
[   21.892314] cloud-init[674]: | . o =   ..      |
[   21.893340] cloud-init[674]: |. . = o. .       |
[   21.894441] cloud-init[674]: | .   =. o..      |
[   21.895532] cloud-init[674]: |      ...+oo.    |
[   21.896803] cloud-init[674]: +----[SHA256]-----+
[   21.897785] cloud-init[674]: Generating public/private ed25519 key pair.
[   21.899092] cloud-init[674]: Your identification has been saved in /etc/ssh/ssh_host_ed25519_key.
[   21.901841] cloud-init[674]: Your public key has been saved in /etc/ssh/ssh_host_ed25519_key.pub.
[   21.904220] cloud-init[674]: The key fingerprint is:
[   21.905642] cloud-init[674]: SHA256:NMORfSsgPRpn6UEwkkpSFjICmcnJXt8L9GPry9gBPQY root@ubuntu-bionic
[   21.907691] cloud-init[674]: The key's randomart image is:
[   21.909036] cloud-init[674]: +--[ED25519 256]--+
[   21.910215] cloud-init[674]: |O==...o+o+       |
[   21.911273] cloud-init[674]: |*B...oooX.. .    |
[   21.912452] cloud-init[674]: |.o..oEoB=+ . .   |
[   21.913553] cloud-init[674]: | ..  o+*.o. .    |
[   21.914787] cloud-init[674]: |     .o+S  .     |
[   21.915939] cloud-init[674]: |      oo.        |
[   21.916984] cloud-init[674]: |      ..         |
[   21.917936] cloud-init[674]: |      +..        |
[   21.919061] cloud-init[674]: |     . +.        |
[   21.920319] cloud-init[674]: +----[SHA256]-----+
[[0;32m  OK  [0m] Started Initial cloud-init job (metadata service crawler).
[[0;32m  OK  [0m] Reached target Network is Online.
[[0;32m  OK  [0m] Reached target Remote File Systems (Pre).
[[0;32m  OK  [0m] Reached target Remote File Systems.
         Starting Availability of block devices...
[[0;32m  OK  [0m] Reached target System Initialization.
[[0;32m  OK  [0m] Started Daily apt download activities.
[[0;32m  OK  [0m] Listening on D-Bus System Message Bus Socket.
[[0;32m  OK  [0m] Listening on UUID daemon activation socket.
[[0;32m  OK  [0m] Listening on Open-iSCSI iscsid Socket.
[[0;32m  OK  [0m] Started Daily Cleanup of Temporary Directories.
[[0;32m  OK  [0m] Listening on ACPID Listen Socket.
[[0;32m  OK  [0m] Started ACPI Events Check.
[[0;32m  OK  [0m] Reached target Paths.
         Starting LXD - unix socket.
[[0;32m  OK  [0m] Started Message of the Day.
         Starting Socket activation for snappy daemon.
[[0;32m  OK  [0m] Started Daily apt upgrade and clean activities.
[[0;32m  OK  [0m] Started Discard unused blocks once a week.
[[0;32m  OK  [0m] Reached target Timers.
[[0;32m  OK  [0m] Reached target Cloud-config availability.
[[0;32m  OK  [0m] Started Availability of block devices.
[[0;32m  OK  [0m] Listening on LXD - unix socket.
[[0;32m  OK  [0m] Listening on Socket activation for snappy daemon.
[[0;32m  OK  [0m] Reached target Sockets.
[[0;32m  OK  [0m] Reached target Basic System.
         Starting Pollinate to seed the pseudo random number generator...
[[0;32m  OK  [0m] Started FUSE filesystem for LXC.
         Starting Accounts Service...
         Starting Login Service...
         Starting LSB: automatic crash report generation...
         Starting Snappy daemon...
[[0;32m  OK  [0m] Started Deferred execution scheduler.
         Starting Permit User Sessions...
         Starting System Logging Service...
[[0;32m  OK  [0m] Started D-Bus System Message Bus.
         Starting Virtualbox guest utils...
         Starting LSB: Record successful boot for GRUB...
[[0;32m  OK  [0m] Started irqbalance daemon.
[[0;32m  OK  [0m] Started Regular background program processing daemon.
         Starting Dispatcher daemon for systemd-networkd...
         Starting LXD - container startup/shutdown...
[[0;32m  OK  [0m] Started System Logging Service.
[[0;32m  OK  [0m] Started Permit User Sessions.
[[0;32m  OK  [0m] Started Login Service.
         Starting Authorization Manager...
[[0;32m  OK  [0m] Started Unattended Upgrades Shutdown.
         Starting Terminate Plymouth Boot Screen...
         Starting Hold until boot process finishes up...
[[0;32m  OK  [0m] Started Hold until boot process finishes up.
         Starting Set console scheme...
[[0;32m  OK  [0m] Started Serial Getty on ttyS0.
[[0;32m  OK  [0m] Started Terminate Plymouth Boot Screen.
[[0;32m  OK  [0m] Started Set console scheme.
[[0;32m  OK  [0m] Started LSB: automatic crash report generation.
[[0;32m  OK  [0m] Created slice system-getty.slice.
[[0;32m  OK  [0m] Started Getty on tty1.
[[0;32m  OK  [0m] Reached target Login Prompts.
[[0;32m  OK  [0m] Started LSB: Record successful boot for GRUB.
[[0;32m  OK  [0m] Started Authorization Manager.
[[0;32m  OK  [0m] Started Accounts Service.
[[0;32m  OK  [0m] Started Virtualbox guest utils.
[[0;32m  OK  [0m] Started Dispatcher daemon for systemd-networkd.
[[0;32m  OK  [0m] Started LXD - container startup/shutdown.
[[0;32m  OK  [0m] Started Snappy daemon.
         Starting Wait until snapd is fully seeded...

Ubuntu 18.04.4 LTS ubuntu-bionic ttyS0

ubuntu-bionic login: [   35.152960] cloud-init[1210]: Cloud-init v. 19.4-33-gbb4131a2-0ubuntu1~18.04.1 running 'modules:config' at Fri, 12 Jun 2020 04:30:37 +0000. Up 32.39 seconds.
ci-info: no authorized SSH keys fingerprints found for user ubuntu.
<14>Jun 12 04:30:41 ec2: 
<14>Jun 12 04:30:41 ec2: #############################################################
<14>Jun 12 04:30:41 ec2: -----BEGIN SSH HOST KEY FINGERPRINTS-----
<14>Jun 12 04:30:41 ec2: 1024 SHA256:A+XYVaPkq77arYd1DYyMyMezlFYdC0c3rVk1ss9zucQ root@ubuntu-bionic (DSA)
<14>Jun 12 04:30:41 ec2: 256 SHA256:EzSWAzY7+Brc1NZLLA0hhBAK87SSvaNXL3ny0y/bLwQ root@ubuntu-bionic (ECDSA)
<14>Jun 12 04:30:41 ec2: 256 SHA256:NMORfSsgPRpn6UEwkkpSFjICmcnJXt8L9GPry9gBPQY root@ubuntu-bionic (ED25519)
<14>Jun 12 04:30:41 ec2: 2048 SHA256:Gpv42nQZrbwKFWWa5SoGXVDTofX2VpHMQpQmoSUgFEY root@ubuntu-bionic (RSA)
<14>Jun 12 04:30:41 ec2: -----END SSH HOST KEY FINGERPRINTS-----
<14>Jun 12 04:30:41 ec2: #############################################################
-----BEGIN SSH HOST KEY KEYS-----
ecdsa-sha2-nistp256 AAAAE2VjZHNhLXNoYTItbmlzdHAyNTYAAAAIbmlzdHAyNTYAAABBBJx+c6rbW8WEWj6vw4nqQykaXhOuiYVbKV2XqEG2ccQpkI3cmOR7T4+XTi7EwFuzItjUitp9mx+2DFGUd6jGzXU= root@ubuntu-bionic
ssh-ed25519 AAAAC3NzaC1lZDI1NTE5AAAAIKWC0fKeeuoLyYJ//R3E6CQbYSC9WzfV52iFZH3d/RUV root@ubuntu-bionic
ssh-rsa AAAAB3NzaC1yc2EAAAADAQABAAABAQDQCzVdgbEPxMXnZiTJ2Mp2rI/Gv35Pu2ad+PEHgRrXc0vwAif6n6YgNSmrmXL2Zv1rlDG+3BjYCSuITSPUvJqiJUW4sTqqZBud43mTb3BHOdOqOcvDH0q7iWNjKqDSIWN8c7K/7S3Wozugt/y2M101l6L+bHoL0oSckjtmVgBY5+pRGwAnP/QTGoQaTB4JO7umLtjO4u2XemtgW0ia1s5oAjqdXaA+yCM6f+JYkm5wXr4Wkl2oDUtF4K/uKhuoyOGJPjyMHfZ6ntFyijUUNkDZINP1Kw1C0yI8SBrYnjffxOjUIlbaw12vErnSFWF/uKhV0ShLBytkdxH4Z9Ef2Yh3 root@ubuntu-bionic
-----END SSH HOST KEY KEYS-----
[   36.228173] cloud-init[1368]: Cloud-init v. 19.4-33-gbb4131a2-0ubuntu1~18.04.1 running 'modules:final' at Fri, 12 Jun 2020 04:30:40 +0000. Up 35.94 seconds.
[   36.229550] cloud-init[1368]: ci-info: no authorized SSH keys fingerprints found for user ubuntu.
[   36.230198] cloud-init[1368]: Cloud-init v. 19.4-33-gbb4131a2-0ubuntu1~18.04.1 finished at Fri, 12 Jun 2020 04:30:41 +0000. Datasource DataSourceNoCloud [seed=/dev/sdb][dsmode=net].  Up 36.21 seconds
